
 /----------------------------------------------------------------------------\
 |  yosys -- Yosys Open SYnthesis Suite                                       |
 |  Copyright (C) 2012 - 2024  Claire Xenia Wolf <claire@yosyshq.com>         |
 |  Distributed under an ISC-like license, type "license" to see terms        |
 \----------------------------------------------------------------------------/
 Yosys 0.44+1 (git sha1 b1569de53, g++ 13.3.0-6ubuntu2~24.04 -fPIC -O3)

-- Running command `read_verilog -I /home/waseem/ClonedRepos/KWS-SoC/Hazard3//hdl -DCONFIG_HEADER="config_default.vh" ; hierarchy -top example_soc; write_cxxrtl build-example-soc/dut.cpp' --

Syntax error in command `read_verilog -I /home/waseem/ClonedRepos/KWS-SoC/Hazard3//hdl -DCONFIG_HEADER="config_default.vh"':

    read_verilog [options] [filename]

Load modules from a Verilog file to the current design. A large subset of
Verilog-2005 is supported.

    -sv
        enable support for SystemVerilog features. (only a small subset
        of SystemVerilog is supported)

    -formal
        enable support for SystemVerilog assertions and some Yosys extensions
        replace the implicit -D SYNTHESIS with -D FORMAL

    -nosynthesis
        don't add implicit -D SYNTHESIS

    -noassert
        ignore assert() statements

    -noassume
        ignore assume() statements

    -norestrict
        ignore restrict() statements

    -assume-asserts
        treat all assert() statements like assume() statements

    -assert-assumes
        treat all assume() statements like assert() statements

    -nodisplay
        suppress output from display system tasks ($display et. al).
        This does not affect the output from a later 'sim' command.

    -debug
        alias for -dump_ast1 -dump_ast2 -dump_vlog1 -dump_vlog2 -yydebug

    -dump_ast1
        dump abstract syntax tree (before simplification)

    -dump_ast2
        dump abstract syntax tree (after simplification)

    -no_dump_ptr
        do not include hex memory addresses in dump (easier to diff dumps)

    -dump_vlog1
        dump ast as Verilog code (before simplification)

    -dump_vlog2
        dump ast as Verilog code (after simplification)

    -dump_rtlil
        dump generated RTLIL netlist

    -yydebug
        enable parser debug output

    -nolatches
        usually latches are synthesized into logic loops
        this option prohibits this and sets the output to 'x'
        in what would be the latches hold condition

        this behavior can also be achieved by setting the
        'nolatches' attribute on the respective module or
        always block.

    -nomem2reg
        under certain conditions memories are converted to registers
        early during simplification to ensure correct handling of
        complex corner cases. this option disables this behavior.

        this can also be achieved by setting the 'nomem2reg'
        attribute on the respective module or register.

        This is potentially dangerous. Usually the front-end has good
        reasons for converting an array to a list of registers.
        Prohibiting this step will likely result in incorrect synthesis
        results.

    -mem2reg
        always convert memories to registers. this can also be
        achieved by setting the 'mem2reg' attribute on the respective
        module or register.

    -nomeminit
        do not infer $meminit cells and instead convert initialized
        memories to registers directly in the front-end.

    -ppdump
        dump Verilog code after pre-processor

    -nopp
        do not run the pre-processor

    -nodpi
        disable DPI-C support

    -noblackbox
        do not automatically add a (* blackbox *) attribute to an
        empty module.

    -lib
        only create empty blackbox modules. This implies -DBLACKBOX.
        modules with the (* whitebox *) attribute will be preserved.
        (* lib_whitebox *) will be treated like (* whitebox *).

    -nowb
        delete (* whitebox *) and (* lib_whitebox *) attributes from
        all modules.

    -specify
      